// Jest Snapshot v1, https://goo.gl/fbAQLP

exports[`App App should have a snap shot 1`] = `ShallowWrapper {}`;
