// Jest Snapshot v1, https://goo.gl/fbAQLP

exports[`Card should have a snap shot 1`] = `ShallowWrapper {}`;
