// Jest Snapshot v1, https://goo.gl/fbAQLP

exports[`Container Container should have a snap shot 1`] = `ShallowWrapper {}`;
